> Task :clean
> Task :paperweightUserdevSetup UP-TO-DATE

> Task :compileJava FAILED
./gradlew : D:\Github
\craft-engine-polyfil
ls\src\main\java\dev\
arubik\craftengine\mu
ltiblock\examples\Tes
tMultiBlockMachineBeh
avior.java:156: 
error: illegal start 
of expression
En línea: 1 
Carácter: 1
+ ./gradlew 
compileJava 2>&1 | 
Out-File -FilePath 
errors.txt
+ ~~~~~~~~~~~~~~~~~~~
~~~~~~~
    + CategoryInfo   
           : NotSpe  
  cified: (D:\Gith   
 ub\craft...t of     
expression:Strin    
g) [], RemoteExc    
eption
    + FullyQualified 
   ErrorId : Native  
  CommandError
 
    public static 
class TestMultiBlockM
achineBlockEntity 
extends MultiBlockMac
hineBlockEntity {
    ^
1 error

[Incubating] Problems report is available at: file:///D:/Github/craft-engine-polyfills/build/reports/problems/problems-report.html

FAILURE: Build 
failed with an 
exception.

* What went wrong:
Execution failed for 
task ':compileJava'.
> Compilation 
failed; see the 
compiler output 
below.
  D:\Github\craft-eng
ine-polyfills\src\mai
n\java\dev\arubik\cra
ftengine\multiblock\e
xamples\TestMultiBloc
kMachineBehavior.java
:156: error: illegal 
start of expression
      public static 
class TestMultiBlockM
achineBlockEntity 
extends MultiBlockMac
hineBlockEntity {
      ^
  1 error

* Try:
> Check your code 
and dependencies to 
fix the compilation 
error(s)
> Run with --scan to 
get full insights.

BUILD FAILED in 3s
3 actionable tasks: 2 executed, 1 up-to-date
